Starting Auto-Conductor...
--- Starting T31: iOS App Lifecycle (AnxietyWatchApp.swift) ---
Waiting for w1:p4 to become idle...
w1:p4 is now idle.
Waiting for w1:p3 to become idle...
w1:p3 is now idle.
Signed off T31 on round 1
Finished T31
--- Starting T32: watchOS App Lifecycle (WatchApp.swift) ---
Waiting for w1:p4 to become idle...
w1:p4 is now idle.
Waiting for w1:p3 to become idle...
w1:p3 is now idle.
Signed off T32 on round 1
Finished T32
--- Starting T33: Dependency Injection container ---
Waiting for w1:p4 to become idle...
w1:p4 is now idle.
Waiting for w1:p3 to become idle...
w1:p3 is now idle.
Signed off T33 on round 1
Finished T33
--- Starting T34: SwiftData Schema V2 Migration ---
Waiting for w1:p4 to become idle...
