STARTING V2 AUTONOMOUS CONDUCTOR

========== STARTING T30 ==========
Waiting for w1:p4 to become idle...
Conductor running tests natively...
Tests PASSED.
Tests passed. Sending to reviewer...
Waiting for w1:p3 to become idle...
Reviewer signed off T30.
Committing T30...
Finished T30

========== STARTING T31 ==========
Waiting for w1:p4 to become idle...
Conductor running tests natively...
Tests FAILED.
Test/build failure (attempt 1). Sending errors back.
Waiting for w1:p4 to become idle...
Conductor running tests natively...
Tests PASSED.
Tests passed. Sending to reviewer...
Waiting for w1:p3 to become idle...
Reviewer signed off T31.
Committing T31...
